../Core/Src/main.c:69:6:HAL_ADC_ConvCpltCallback	136	static
../Core/Src/main.c:95:6:HAL_ADC_ConvHalfCpltCallback	24	static
../Core/Src/main.c:108:5:main	8	static
../Core/Src/main.c:159:6:SystemClock_Config	88	static
../Core/Src/main.c:206:13:MX_ADC1_Init	24	static
../Core/Src/main.c:258:13:MX_TIM2_Init	32	static
../Core/Src/main.c:303:13:MX_USART2_UART_Init	8	static
../Core/Src/main.c:334:13:MX_DMA_Init	16	static
../Core/Src/main.c:352:13:MX_GPIO_Init	48	static
../Core/Src/main.c:388:6:Error_Handler	4	static,ignoring_inline_asm
