../Core/Src/main.c:73:6:sendByte	24	static
../Core/Src/main.c:94:6:sendString	24	static
../Core/Src/main.c:101:6:HAL_TIM_PeriodElapsedCallback	16	static
../Core/Src/main.c:116:6:HAL_UART_RxCpltCallback	16	static
../Core/Src/main.c:122:6:shwoletter	16	static
../Core/Src/main.c:137:6:keyboard	32	static
../Core/Src/main.c:162:5:main	8	static
../Core/Src/main.c:220:6:SystemClock_Config	88	static
../Core/Src/main.c:267:13:MX_TIM2_Init	48	static
../Core/Src/main.c:316:13:MX_TIM10_Init	8	static
../Core/Src/main.c:347:13:MX_USART1_UART_Init	8	static
../Core/Src/main.c:380:13:MX_USART2_UART_Init	8	static
../Core/Src/main.c:413:13:MX_GPIO_Init	48	static
../Core/Src/main.c:459:6:Error_Handler	4	static,ignoring_inline_asm
