../Core/Src/main.c:93:6:HAL_TIM_PeriodElapsedCallback	16	static
../Core/Src/main.c:103:6:HAL_SPI_TxCpltCallback	16	static
../Core/Src/main.c:118:5:main	8	static
../Core/Src/main.c:167:6:SystemClock_Config	88	static
../Core/Src/main.c:214:13:MX_SPI1_Init	8	static
../Core/Src/main.c:252:13:MX_TIM10_Init	8	static
../Core/Src/main.c:283:13:MX_USART2_UART_Init	8	static
../Core/Src/main.c:314:13:MX_DMA_Init	16	static
../Core/Src/main.c:332:13:MX_GPIO_Init	48	static
../Core/Src/main.c:368:6:Error_Handler	4	static,ignoring_inline_asm
